Salt: qhebZTd7PVqGBCH0rTyl0w==
Derived Key Length: 32
PlainText2: My Original plain text used for testing.