Salt: qhebZTd7PVqGBCH0rTyl0w==
Derived Key Length: 32
CipherText: e42ax9c+EW8uIZB+uNQdIXysO5w6YWkl6TcG67L6XM7dyvtzwo3FhKiJ30C/Qxub